<html>
<body>
<pre>
<h1>µVision Build Log</h1>
<h2>Project:</h2>
C:\Users\jovenes.ecei\Desktop\CORTEX_M4\TEST_RTC_CAM_V6\leds.uvproj
Project File Date:  11/12/2014

<h2>Output:</h2>
Build target 'Target 1'
linking...
Program Size: Code=5910 RO-data=778 RW-data=16 ZI-data=121152  
FromELF: creating hex file...
".\TEST_RTC.axf" - 0 Error(s), 0 Warning(s).
Load "C:\\Users\\jovenes.ecei\\Desktop\\CORTEX_M4\\TEST_RTC_CAM_V6\\TEST_RTC.axf" 
Erase Done.
Programming Done.
Verify OK.
</pre>
</body>
</html>
