<html>
<body>
<pre>
<h1>µVision Build Log</h1>
<h2>Project:</h2>
C:\Users\jovenes.ecei\Desktop\CORTEX_M4\TEST_RTC\leds.uvproj
Project File Date:  09/19/2014

<h2>Output:</h2>
Rebuild target 'Target 1'
assembling startup_stm32f4xx.s...
compiling main.c...
main.c(12): warning:  #177-D: variable "j" was declared but never referenced
        int j=0;
main.c(13): warning:  #177-D: variable "i" was declared but never referenced
        char i=0; 
main.c: 2 warnings, 0 errors
linking...
Program Size: Code=1140 RO-data=424 RW-data=4 ZI-data=1636  
FromELF: creating hex file...
".\TEST_RTC.axf" - 0 Error(s), 2 Warning(s).
Load "C:\\Users\\jovenes.ecei\\Desktop\\CORTEX_M4\\TEST_RTC\\TEST_RTC.axf" 
Erase Done.
Programming Done.
Verify OK.
</pre>
</body>
</html>
i\Desktop\CORTEX_M4\TEST_RTC\TEST_RTC.axf'
